(node:2231) [UNDICI-EHPA] Warning: EnvHttpProxyAgent is experimental, expect them to change at any time.
(Use `node --trace-warnings ...` to show where the warning was created)
tutor-375-dark 01 главная | / | Домашка,
от которой
не сбегают 
tutor-375-dark 02 «Попробовать» | /studio/#/sample | Готовый пример 
tutor-375-dark 03 выбор предмета (если спрашивают) → Русский | /studio/#/p/b6y9nzc7/cards | Пример: русский, ЕГЭ | MODAL×1
tutor-375-dark 04 пример открыт: карточки | /studio/#/p/b6y9nzc7/cards | Пример: русский, ЕГЭ | MODAL×1
tutor-375-dark 05 «Глазами ученика» | /studio/#/p/b6y9nzc7/cards | Пример: русский, ЕГЭ | FAIL MODAL×1
    FAIL locator.click: Timeout 4000ms exceeded.
tutor-375-dark 06 закрыть просмотр (Esc) | /studio/#/p/b6y9nzc7/cards | Пример: русский, ЕГЭ 
tutor-375-dark 07 вкладка «Ученики» | /studio/#/p/b6y9nzc7/students | Пример: русский, ЕГЭ 
tutor-375-dark 08 «Отчёт родителям» у ученика-примера | /studio/#/p/b6y9nzc7/students | Пример: русский, ЕГЭ | MODAL×1
tutor-375-dark 09 телефонное «назад» закрывает окно | /studio/#/p/b6y9nzc7/students | Пример: русский, ЕГЭ 
tutor-375-dark 10 вкладка «Публикация» / «Опубликовать» | /studio/#/p/b6y9nzc7/publish | Пример: русский, ЕГЭ 
tutor-375-dark 11 «Опубликовать» без входа → вход | /studio/#/p/b6y9nzc7/publish | Пример: русский, ЕГЭ | MODAL×1
tutor-375-dark 12 «назад» из входа → студия, пример на месте | /studio/#/p/b6y9nzc7/publish | Пример: русский, ЕГЭ 
tutor-375-dark 13 перезагрузка студии | /studio/#/p/b6y9nzc7/publish | Пример: русский, ЕГЭ 
tutor-375-dark 14 путь в кабинет из студии | /studio/#/p/b6y9nzc7/publish | Пример: русский, ЕГЭ | FAIL
    FAIL не нашёл: a[href*="cabinet"] | a:has-text("Кабинет")
library-375-dark 01 библиотека ЕГЭ: русский | /?p=ege-rus | Привет! 
library-375-dark 02 задание 4 | /?p=ege-rus#/topic/task-4 | Ударение 
library-375-dark 03 теория задания | /?p=ege-rus#/lesson/RU002 | Фонетика, буквы, звуки и ударение 
library-375-dark 04 «назад» → задание | /?p=ege-rus#/topic/task-4 | Ударение 
library-375-dark 05 «назад» → главная тренажёра | /?p=ege-rus | Привет! 
library-375-dark 06 «Заниматься» | /?p=ege-rus#/s |  
library-375-dark 07 ответить на 5 карточек | /?p=ege-rus#/s |  
library-375-dark 08 телефонное «назад» посреди занятия (отказаться выходить) | /?p=ege-rus#/s |  
library-375-dark 09 доиграть до «Готово» | /?p=ege-rus#/s | Серия 1 день! 
library-375-dark 10 «назад» после «Готово» не возвращает в занятие | /?p=ege-rus | Привет! 
library-375-dark 11 профиль | /?p=ege-rus#/me | Профиль 
library-375-dark 12 все наборы | /?p=ege-rus#/library | Открытые наборы 
library-375-dark 13 ЕГЭ: математика | /?p=ege-math | Привет! 
library-375-dark 14 перезагрузка | /?p=ege-math | Привет! 
nav-375-dark 01 главная | / | Домашка,
от которой
не сбегают 
nav-375-dark 02 якорь #how | /#how | Домашка,
от которой
не сбегают 
nav-375-dark 03 якорь #prices | /#prices | Домашка,
от которой
не сбегают 
nav-375-dark 04 якорь #faq | /#faq | Домашка,
от которой
не сбегают 
nav-375-dark 05 пустой код «Открыть» | /#faq | Домашка,
от которой
не сбегают 
nav-375-dark 06 «Войти» | /login | Вход в «Между уроками» 
nav-375-dark 07 «назад» с входа | /#faq | Домашка,
от которой
не сбегают 
nav-375-dark 08 кабинет без входа | /login?next=cabinet%2F | Вход в «Между уроками» 
nav-375-dark 09 кабинет родителя без входа | /login?role=parent&next=cabinet%2F%23parent | Вход в «Между уроками» 
nav-375-dark 10 /parent/ (старый адрес) | /login?role=parent&next=cabinet%2F%23parent | Вход в «Между уроками» 
nav-375-dark 11 оферта | /offer | Публичная оферта 
nav-375-dark 12 политика | /privacy | Политика обработки персональных данных 
nav-375-dark 13 неизвестный код тренажёра | /?t=zzzz1234 |  | ERR×2
    console: Failed to load resource: the server responded with a status of 404 (Not Found)
    http404: GET /packs/zzzz1234
nav-375-dark 14 «К наборам» / выход с неизвестного кода | /#/library | Открытые наборы 
nav-375-dark 15 несуществующая страница | /no-such-page-audit |  | ERR×2
    console: Failed to load resource: the server responded with a status of 404 (Not Found)
    http404: GET /no-such-page-audit
