(node:4798) [UNDICI-EHPA] Warning: EnvHttpProxyAgent is experimental, expect them to change at any time.
(Use `node --trace-warnings ...` to show where the warning was created)
Главная: первое открытие                 сеть     первый экран 685 мс, полностью 1120 мс, 16 запр., 314 КБ
Главная: первое открытие                 3G       первый экран 4805 мс, полностью 7154 мс, 16 запр., 314 КБ
Главная: первое открытие                 3G повт. первый экран 4366 мс, полностью 5791 мс, 16 запр., 9 КБ
Главная: первое открытие                 3G+SW    первый экран 1387 мс, полностью 2790 мс, 16 запр., 1 КБ sw15
Главная → «Попробовать»                  сеть     первый экран 499 мс, полностью 504 мс, 10 запр., 41 КБ
Главная → «Попробовать»                  3G       первый экран 3044 мс, полностью 3049 мс, 10 запр., 41 КБ
Главная → «Попробовать»                  3G повт. первый экран 3179 мс, полностью 3179 мс, 10 запр., 5 КБ
Главная → «Попробовать»                  3G+SW    первый экран 2772 мс, полностью 2772 мс, 10 запр., 5 КБ
Главная → «Войти»                        сеть     первый экран 558 мс, полностью 700 мс, 14 запр., 11 КБ
Главная → «Войти»                        3G       первый экран 4319 мс, полностью 5721 мс, 14 запр., 11 КБ
Главная → «Войти»                        3G повт. первый экран 4330 мс, полностью 5729 мс, 14 запр., 8 КБ
Главная → «Войти»                        3G+SW    первый экран 2571 мс, полностью 3924 мс, 14 запр., 1 КБ sw13
Главная → якорь «Тарифы»                 сеть     первый экран - мс, полностью -335 мс, 0 запр., 0 КБ
Главная → якорь «Тарифы»                 3G       первый экран - мс, полностью -326 мс, 0 запр., 0 КБ
Главная → якорь «Тарифы»                 3G повт. первый экран - мс, полностью -308 мс, 0 запр., 0 КБ
Главная → якорь «Тарифы»                 3G+SW    первый экран - мс, полностью -307 мс, 0 запр., 0 КБ
Библиотека ЕГЭ: первое открытие          сеть     первый экран 794 мс, полностью 958 мс, 12 запр., 476 КБ
Библиотека ЕГЭ: первое открытие          3G       первый экран 6242 мс, полностью 8086 мс, 12 запр., 476 КБ
Библиотека ЕГЭ: первое открытие          3G повт. первый экран 4380 мс, полностью 4381 мс, 12 запр., 6 КБ
Библиотека ЕГЭ: первое открытие          3G+SW    первый экран 4616 мс, полностью 4616 мс, 12 запр., 6 КБ
Библиотека: главная → задание 4          сеть     первый экран 15 мс, полностью 16 мс, 0 запр., 0 КБ
Библиотека: главная → задание 4          3G       первый экран 15 мс, полностью 15 мс, 0 запр., 0 КБ
Библиотека: главная → задание 4          3G повт. первый экран 17 мс, полностью 18 мс, 0 запр., 0 КБ
Библиотека: главная → задание 4          3G+SW    первый экран 17 мс, полностью 17 мс, 0 запр., 0 КБ
Библиотека: задание → теория             сеть     первый экран 11 мс, полностью 11 мс, 0 запр., 0 КБ
Библиотека: задание → теория             3G       первый экран 10 мс, полностью 10 мс, 0 запр., 0 КБ
Библиотека: задание → теория             3G повт. первый экран 12 мс, полностью 12 мс, 0 запр., 0 КБ
Библиотека: задание → теория             3G+SW    первый экран 12 мс, полностью 12 мс, 0 запр., 0 КБ
Библиотека: «Заниматься» → карточка      сеть     первый экран 2 мс, полностью 2 мс, 0 запр., 0 КБ
Библиотека: «Заниматься» → карточка      3G       первый экран 2 мс, полностью 2 мс, 0 запр., 0 КБ
Библиотека: «Заниматься» → карточка      3G повт. первый экран 1 мс, полностью 1 мс, 0 запр., 0 КБ
Библиотека: «Заниматься» → карточка      3G+SW    первый экран 1 мс, полностью 1 мс, 0 запр., 0 КБ
Студия (гость): открытие                 сеть     первый экран 615 мс, полностью 775 мс, 11 запр., 233 КБ
Студия (гость): открытие                 3G       первый экран 3237 мс, полностью 5238 мс, 11 запр., 233 КБ
Студия (гость): открытие                 3G повт. первый экран 3047 мс, полностью 4437 мс, 11 запр., 6 КБ
Студия (гость): открытие                 3G+SW    первый экран 3300 мс, полностью 4642 мс, 11 запр., 6 КБ
Студия: готовый пример по ссылке         сеть     первый экран 578 мс, полностью 731 мс, 10 запр., 226 КБ
Студия: готовый пример по ссылке         3G       первый экран 3215 мс, полностью 5163 мс, 10 запр., 226 КБ
Студия: готовый пример по ссылке         3G повт. первый экран 2917 мс, полностью 2917 мс, 10 запр., 5 КБ
Студия: готовый пример по ссылке         3G+SW    первый экран 3147 мс, полностью 3147 мс, 10 запр., 5 КБ
Кабинет (гость): открытие                сеть     первый экран 1140 мс, полностью 1457 мс, 23 запр., 267 КБ ПОВТОРЫ GET /app.css ×2,GET /lib.js ×2,GET /account.js ×2,GET /config.js ×2,GET /fonts/nunito-cyrillic.woff2 ×2,GET /fonts/nunito-latin.woff2 ×2
Кабинет (гость): открытие                3G       первый экран 7677 мс, полностью 9836 мс, 23 запр., 267 КБ ПОВТОРЫ GET /app.css ×2,GET /lib.js ×2,GET /account.js ×2,GET /config.js ×2,GET /fonts/nunito-cyrillic.woff2 ×2,GET /fonts/nunito-latin.woff2 ×2
Кабинет (гость): открытие                3G повт. первый экран 7296 мс, полностью 8687 мс, 25 запр., 13 КБ ПОВТОРЫ GET /app.css ×2,GET /lib.js ×2,GET /account.js ×2,GET /config.js ×2,GET /fonts/nunito-cyrillic.woff2 ×2,GET /fonts/nunito-latin.woff2 ×2,GET /fonts/unbounded-cyrillic.woff2 ×2,GET /fonts/unbounded-latin.woff2 ×2
Кабинет (гость): открытие                3G+SW    первый экран 8764 мс, полностью 11761 мс, 25 запр., 13 КБ ПОВТОРЫ GET /app.css ×2,GET /lib.js ×2,GET /account.js ×2,GET /config.js ×2,GET /fonts/nunito-cyrillic.woff2 ×2,GET /fonts/nunito-latin.woff2 ×2,GET /fonts/unbounded-cyrillic.woff2 ×2,GET /fonts/unbounded-latin.woff2 ×2
Вход: открытие                           сеть     первый экран 639 мс, полностью 1108 мс, 14 запр., 246 КБ
Вход: открытие                           3G       первый экран 4416 мс, полностью 7578 мс, 14 запр., 246 КБ
Вход: открытие                           3G повт. первый экран 4357 мс, полностью 5808 мс, 14 запр., 7 КБ
Вход: открытие                           3G+SW    первый экран 4488 мс, полностью 6154 мс, 14 запр., 7 КБ
/parent/ → кабинет родителя              сеть     первый экран 1239 мс, полностью 1625 мс, 24 запр., 268 КБ ПОВТОРЫ GET /app.css ×2,GET /lib.js ×2,GET /account.js ×2,GET /config.js ×2,GET /fonts/nunito-cyrillic.woff2 ×2,GET /fonts/nunito-latin.woff2 ×2
/parent/ → кабинет родителя              3G       первый экран 8945 мс, полностью 11085 мс, 24 запр., 268 КБ ПОВТОРЫ GET /app.css ×2,GET /lib.js ×2,GET /account.js ×2,GET /config.js ×2,GET /fonts/nunito-cyrillic.woff2 ×2,GET /fonts/nunito-latin.woff2 ×2
/parent/ → кабинет родителя              3G повт. первый экран 8506 мс, полностью 9908 мс, 26 запр., 14 КБ ПОВТОРЫ GET /app.css ×2,GET /lib.js ×2,GET /account.js ×2,GET /config.js ×2,GET /fonts/nunito-cyrillic.woff2 ×2,GET /fonts/nunito-latin.woff2 ×2,GET /fonts/unbounded-cyrillic.woff2 ×2,GET /fonts/unbounded-latin.woff2 ×2
/parent/ → кабинет родителя              3G+SW    первый экран 10509 мс, полностью 11906 мс, 26 запр., 14 КБ ПОВТОРЫ GET /lib.js ×2,GET /account.js ×2,GET /app.css ×2,GET /config.js ×2,GET /fonts/nunito-cyrillic.woff2 ×2,GET /fonts/nunito-latin.woff2 ×2,GET /fonts/unbounded-cyrillic.woff2 ×2,GET /fonts/unbounded-latin.woff2 ×2
Оферта                                   сеть     первый экран 237 мс, полностью 584 мс, 7 запр., 166 КБ
Оферта                                   3G       первый экран 2724 мс, полностью 6394 мс, 7 запр., 166 КБ
Оферта                                   3G повт. первый экран 2721 мс, полностью 4075 мс, 7 запр., 4 КБ
Оферта                                   3G+SW    первый экран 2764 мс, полностью 4123 мс, 7 запр., 4 КБ
